2025/12/16 01:26:30 [INFO] Packer version: 1.14.3 [go1.24.0 linux amd64]
2025/12/16 01:26:30 [INFO] PACKER_CONFIG env var not set; checking the default config file path
2025/12/16 01:26:30 [INFO] PACKER_CONFIG env var set; attempting to open config file: /home/mirceac/.packerconfig
2025/12/16 01:26:30 [WARN] Config file doesn't exist: /home/mirceac/.packerconfig
2025/12/16 01:26:30 [INFO] Setting cache directory: /home/mirceac/.cache/packer
2025/12/16 01:26:30 [TRACE] listing potential installations for "github.com/hashicorp/qemu" that match ">= 1.1.0". plugingetter.ListInstallationsOptions{PluginDirectory:"/home/mirceac/.config/packer/plugins", BinaryInstallationOptions:plugingetter.BinaryInstallationOptions{APIVersionMajor:"5", APIVersionMinor:"0", OS:"linux", ARCH:"amd64", Ext:"", Checksummers:[]plugingetter.Checksummer{plugingetter.Checksummer{Type:"sha256", Hash:(*sha256.Digest)(0xc00078c400)}}, ReleasesOnly:false}}
2025/12/16 01:26:30 [TRACE] Found the following "github.com/hashicorp/qemu" installations: [{/home/mirceac/.config/packer/plugins/github.com/hashicorp/qemu/packer-plugin-qemu_v1.1.4_x5.0_linux_amd64 v1.1.4 x5.0}]
2025/12/16 01:26:30 [INFO] found external [-packer-default-plugin-name-] builders from qemu plugin
2025/12/16 01:26:30 [TRACE] listing potential installations for <nil> that match "". plugingetter.ListInstallationsOptions{PluginDirectory:"/home/mirceac/.config/packer/plugins", BinaryInstallationOptions:plugingetter.BinaryInstallationOptions{APIVersionMajor:"5", APIVersionMinor:"0", OS:"linux", ARCH:"amd64", Ext:"", Checksummers:[]plugingetter.Checksummer{plugingetter.Checksummer{Type:"sha256", Hash:(*sha256.Digest)(0xc0000a4700)}}, ReleasesOnly:false}}
2025/12/16 01:26:31 [INFO] found external [-packer-default-plugin-name-] builders from qemu plugin
2025/12/16 01:26:31 [INFO] found external [-packer-default-plugin-name-] builders from vagrant plugin
2025/12/16 01:26:31 [INFO] found external [-packer-default-plugin-name- cloud registry] post-processors from vagrant plugin
2025/12/16 01:26:31 plugin "/home/mirceac/.config/packer/plugins/github.com/hashicorp/vagrant/packer-plugin-vagrant_v1.1.5_x5.0_linux_amd64" does not support Protobuf, forcing use of Gob
2025/12/16 01:26:31 [INFO] found external [iso ovf vm] builders from virtualbox plugin
2025/12/16 01:26:31 [TRACE] validateValue: not active for vm_hostname, so skipping
2025/12/16 01:26:31 [TRACE] validateValue: not active for ssh_username, so skipping
2025/12/16 01:26:31 [TRACE] validateValue: not active for ssh_pubkey, so skipping
2025/12/16 01:26:31 [TRACE] validateValue: not active for ssh_private_key_file, so skipping
2025/12/16 01:26:31 [TRACE] validateValue: not active for password_hash, so skipping
2025/12/16 01:26:31 [INFO] Starting external plugin /home/mirceac/.config/packer/plugins/github.com/hashicorp/qemu/packer-plugin-qemu_v1.1.4_x5.0_linux_amd64 start builder -packer-default-plugin-name-
2025/12/16 01:26:31 Starting plugin: /home/mirceac/.config/packer/plugins/github.com/hashicorp/qemu/packer-plugin-qemu_v1.1.4_x5.0_linux_amd64 []string{"/home/mirceac/.config/packer/plugins/github.com/hashicorp/qemu/packer-plugin-qemu_v1.1.4_x5.0_linux_amd64", "start", "builder", "-packer-default-plugin-name-"}
2025/12/16 01:26:31 Waiting for RPC address for: /home/mirceac/.config/packer/plugins/github.com/hashicorp/qemu/packer-plugin-qemu_v1.1.4_x5.0_linux_amd64
2025/12/16 01:26:31 packer-plugin-qemu_v1.1.4_x5.0_linux_amd64 plugin: 2025/12/16 01:26:31 Plugin address: unix /tmp/packer-plugin145500946
2025/12/16 01:26:31 Received unix RPC address for /home/mirceac/.config/packer/plugins/github.com/hashicorp/qemu/packer-plugin-qemu_v1.1.4_x5.0_linux_amd64: addr is /tmp/packer-plugin145500946
2025/12/16 01:26:31 packer-plugin-qemu_v1.1.4_x5.0_linux_amd64 plugin: 2025/12/16 01:26:31 Waiting for connection...
2025/12/16 01:26:31 packer-plugin-qemu_v1.1.4_x5.0_linux_amd64 plugin: 2025/12/16 01:26:31 Serving a plugin connection...
2025/12/16 01:26:31 packer-plugin-qemu_v1.1.4_x5.0_linux_amd64 plugin: 2025/12/16 01:26:31 [TRACE] starting builder -packer-default-plugin-name-
2025/12/16 01:26:31 packer-plugin-qemu_v1.1.4_x5.0_linux_amd64 plugin: 2025/12/16 01:26:31 [DEBUG] - common: sending ConfigSpec as gob
2025/12/16 01:26:31 [DEBUG] - common: receiving ConfigSpec as gob
2025/12/16 01:26:31 packer-plugin-qemu_v1.1.4_x5.0_linux_amd64 plugin: 2025/12/16 01:26:31 use specified accelerator: tcg
2025/12/16 01:26:32 packer-plugin-qemu_v1.1.4_x5.0_linux_amd64 plugin: 2025/12/16 01:26:32 [DEBUG] - common: sending ConfigSpec as gob
2025/12/16 01:26:32 [DEBUG] - common: receiving ConfigSpec as gob
2025/12/16 01:26:32 ui: [1;32mqemu.ubuntu2404: output will be in this color.[0m
2025/12/16 01:26:32 ui: 
2025/12/16 01:26:32 Build debug mode: false
2025/12/16 01:26:32 Force build: false
2025/12/16 01:26:32 On error: 
2025/12/16 01:26:32 Waiting on builds to complete...
2025/12/16 01:26:32 Starting build run: qemu.ubuntu2404
2025/12/16 01:26:32 Running builder: qemu
2025/12/16 01:26:32 [INFO] (telemetry) Starting builder qemu.ubuntu2404
2025/12/16 01:26:32 packer-plugin-qemu_v1.1.4_x5.0_linux_amd64 plugin: 2025/12/16 01:26:32 Qemu path: /usr/bin/qemu-system-x86_64, Qemu Image path: /usr/bin/qemu-img
2025/12/16 01:26:32 ui: [1;32m==> qemu.ubuntu2404: Retrieving ISO[0m
2025/12/16 01:26:32 ui: [1;32m==> qemu.ubuntu2404: Trying https://releases.ubuntu.com/noble/ubuntu-24.04.3-live-server-amd64.iso[0m
2025/12/16 01:26:32 packer-plugin-qemu_v1.1.4_x5.0_linux_amd64 plugin: 2025/12/16 01:26:32 Acquiring lock for: https://releases.ubuntu.com/noble/ubuntu-24.04.3-live-server-amd64.iso?checksum=sha256%3Ac3514bf0056180d09376462a7a1b4f213c1d6e8ea67fae5c25099c6fd3d8274b (/home/mirceac/.cache/packer/73b4f11c1cb8dc57fb78ad9d7b5baf123159250e.iso.lock)
2025/12/16 01:26:32 ui: [1;32m==> qemu.ubuntu2404: Trying https://releases.ubuntu.com/noble/ubuntu-24.04.3-live-server-amd64.iso?checksum=sha256%3Ac3514bf0056180d09376462a7a1b4f213c1d6e8ea67fae5c25099c6fd3d8274b[0m
2025/12/16 01:26:40 ui: [1;32m==> qemu.ubuntu2404: https://releases.ubuntu.com/noble/ubuntu-24.04.3-live-server-amd64.iso?checksum=sha256%3Ac3514bf0056180d09376462a7a1b4f213c1d6e8ea67fae5c25099c6fd3d8274b => /home/mirceac/.cache/packer/73b4f11c1cb8dc57fb78ad9d7b5baf123159250e.iso[0m
2025/12/16 01:26:40 packer-plugin-qemu_v1.1.4_x5.0_linux_amd64 plugin: 2025/12/16 01:26:40 Leaving retrieve loop for ISO
2025/12/16 01:26:40 packer-plugin-qemu_v1.1.4_x5.0_linux_amd64 plugin: 2025/12/16 01:26:40 No floppy files specified. Floppy disk will not be made.
2025/12/16 01:26:40 packer-plugin-qemu_v1.1.4_x5.0_linux_amd64 plugin: 2025/12/16 01:26:40 No CD files specified. CD disk will not be made.
2025/12/16 01:26:40 packer-plugin-qemu_v1.1.4_x5.0_linux_amd64 plugin: 2025/12/16 01:26:40 [INFO] Creating disk with Path: output/ubuntu-2404-k8s/packer-ubuntu2404 and Size: 20000M
2025/12/16 01:26:40 packer-plugin-qemu_v1.1.4_x5.0_linux_amd64 plugin: 2025/12/16 01:26:40 Executing qemu-img: []string{"create", "-f", "qcow2", "output/ubuntu-2404-k8s/packer-ubuntu2404", "20000M"}
2025/12/16 01:26:40 packer-plugin-qemu_v1.1.4_x5.0_linux_amd64 plugin: 2025/12/16 01:26:40 stdout: Formatting 'output/ubuntu-2404-k8s/packer-ubuntu2404', fmt=qcow2 cluster_size=65536 extended_l2=off compression_type=zlib size=20971520000 lazy_refcounts=off refcount_bits=16
2025/12/16 01:26:40 packer-plugin-qemu_v1.1.4_x5.0_linux_amd64 plugin: 2025/12/16 01:26:40 stderr:
2025/12/16 01:26:40 packer-plugin-qemu_v1.1.4_x5.0_linux_amd64 plugin: 2025/12/16 01:26:40 Found available port: 8346 on IP: 0.0.0.0
2025/12/16 01:26:40 ui: [1;32m==> qemu.ubuntu2404: Starting HTTP server on port 8346[0m
2025/12/16 01:26:40 packer-plugin-qemu_v1.1.4_x5.0_linux_amd64 plugin: 2025/12/16 01:26:40 Looking for available communicator (SSH, WinRM, etc) port between 2222 and 2222
2025/12/16 01:26:40 packer-plugin-qemu_v1.1.4_x5.0_linux_amd64 plugin: 2025/12/16 01:26:40 Found available port: 2222 on IP: 127.0.0.1
2025/12/16 01:26:40 ui: [1;32m==> qemu.ubuntu2404: Found port for communicator (SSH, WinRM, etc): 2222.[0m
2025/12/16 01:26:40 ui: [1;32m==> qemu.ubuntu2404: Using existing SSH private key[0m
2025/12/16 01:26:40 ui: [1;32m==> qemu.ubuntu2404: Looking for available port between 5955 and 5955 on 127.0.0.1[0m
2025/12/16 01:26:40 packer-plugin-qemu_v1.1.4_x5.0_linux_amd64 plugin: 2025/12/16 01:26:40 Looking for available port between 5955 and 5955 on 127.0.0.1
2025/12/16 01:26:40 packer-plugin-qemu_v1.1.4_x5.0_linux_amd64 plugin: 2025/12/16 01:26:40 Found available port: 5955 on IP: 127.0.0.1
2025/12/16 01:26:40 packer-plugin-qemu_v1.1.4_x5.0_linux_amd64 plugin: 2025/12/16 01:26:40 Found available VNC port: 5955 on IP: 127.0.0.1
2025/12/16 01:26:40 packer-plugin-qemu_v1.1.4_x5.0_linux_amd64 plugin: 2025/12/16 01:26:40 Qemu --version output: QEMU emulator version 10.1.0 (Debian 1:10.1.0+ds-5ubuntu3)
2025/12/16 01:26:40 packer-plugin-qemu_v1.1.4_x5.0_linux_amd64 plugin: Copyright (c) 2003-2025 Fabrice Bellard and the QEMU Project developers
2025/12/16 01:26:40 packer-plugin-qemu_v1.1.4_x5.0_linux_amd64 plugin: 2025/12/16 01:26:40 Qemu version: 10.1.0
2025/12/16 01:26:40 ui: [1;32m==> qemu.ubuntu2404: Starting VM, booting from CD-ROM[0m
2025/12/16 01:26:40 ui: [1;32m==> qemu.ubuntu2404: The VM will be run headless, without a GUI. If you want to
==> qemu.ubuntu2404: view the screen of the VM, connect via VNC without a password to
==> qemu.ubuntu2404: vnc://127.0.0.1:5955[0m
2025/12/16 01:26:40 packer-plugin-qemu_v1.1.4_x5.0_linux_amd64 plugin: 2025/12/16 01:26:40 Qemu Builder has no floppy files, not attaching a floppy.
2025/12/16 01:26:40 packer-plugin-qemu_v1.1.4_x5.0_linux_amd64 plugin: 2025/12/16 01:26:40 Executing /usr/bin/qemu-system-x86_64: []string{"-m", "2048M", "-boot", "once=d", "-vnc", "127.0.0.1:55", "-drive", "file=output/ubuntu-2404-k8s/packer-ubuntu2404,if=virtio,cache=writeback,discard=ignore,format=qcow2", "-drive", "file=/home/mirceac/.cache/packer/73b4f11c1cb8dc57fb78ad9d7b5baf123159250e.iso,media=cdrom", "-netdev", "user,id=user.0,hostfwd=tcp::2222-:22", "-smp", "2", "-name", "packer-ubuntu2404", "-machine", "type=pc,accel=tcg", "-device", "virtio-net,netdev=user.0"}
2025/12/16 01:26:40 packer-plugin-qemu_v1.1.4_x5.0_linux_amd64 plugin: 2025/12/16 01:26:40 Started Qemu. Pid: 172373
2025/12/16 01:26:42 ui: [1;32m==> qemu.ubuntu2404: Waiting 25s for boot...[0m
2025/12/16 01:27:07 ui: [1;32m==> qemu.ubuntu2404: Connecting to VM via VNC (127.0.0.1:5955)[0m
2025/12/16 01:27:07 packer-plugin-qemu_v1.1.4_x5.0_linux_amd64 plugin: 2025/12/16 01:27:07 Connected to VNC desktop: QEMU (packer-ubuntu2404)
2025/12/16 01:27:07 ui: [1;32m==> qemu.ubuntu2404: Typing the boot commands over VNC...[0m
2025/12/16 01:27:07 packer-plugin-qemu_v1.1.4_x5.0_linux_amd64 plugin: 2025/12/16 01:27:07 Special code '<esc>' found, replacing with: 0xFF1B
2025/12/16 01:27:08 packer-plugin-qemu_v1.1.4_x5.0_linux_amd64 plugin: 2025/12/16 01:27:08 [INFO] Waiting 1s
2025/12/16 01:27:09 packer-plugin-qemu_v1.1.4_x5.0_linux_amd64 plugin: 2025/12/16 01:27:09 Sending char 'c', code 0x63, shift false
2025/12/16 01:27:09 packer-plugin-qemu_v1.1.4_x5.0_linux_amd64 plugin: 2025/12/16 01:27:09 [INFO] Waiting 5s
2025/12/16 01:27:14 packer-plugin-qemu_v1.1.4_x5.0_linux_amd64 plugin: 2025/12/16 01:27:14 Sending char 'l', code 0x6C, shift false
2025/12/16 01:27:14 packer-plugin-qemu_v1.1.4_x5.0_linux_amd64 plugin: 2025/12/16 01:27:14 Sending char 'i', code 0x69, shift false
2025/12/16 01:27:15 packer-plugin-qemu_v1.1.4_x5.0_linux_amd64 plugin: 2025/12/16 01:27:15 Sending char 'n', code 0x6E, shift false
2025/12/16 01:27:15 packer-plugin-qemu_v1.1.4_x5.0_linux_amd64 plugin: 2025/12/16 01:27:15 Sending char 'u', code 0x75, shift false
2025/12/16 01:27:16 packer-plugin-qemu_v1.1.4_x5.0_linux_amd64 plugin: 2025/12/16 01:27:16 Sending char 'x', code 0x78, shift false
2025/12/16 01:27:16 packer-plugin-qemu_v1.1.4_x5.0_linux_amd64 plugin: 2025/12/16 01:27:16 Sending char ' ', code 0x20, shift false
2025/12/16 01:27:16 packer-plugin-qemu_v1.1.4_x5.0_linux_amd64 plugin: 2025/12/16 01:27:16 Sending char '(', code 0x28, shift true
2025/12/16 01:27:17 packer-plugin-qemu_v1.1.4_x5.0_linux_amd64 plugin: 2025/12/16 01:27:17 Sending char 'c', code 0x63, shift false
2025/12/16 01:27:18 packer-plugin-qemu_v1.1.4_x5.0_linux_amd64 plugin: 2025/12/16 01:27:18 Sending char 'd', code 0x64, shift false
2025/12/16 01:27:18 packer-plugin-qemu_v1.1.4_x5.0_linux_amd64 plugin: 2025/12/16 01:27:18 Sending char '0', code 0x30, shift false
2025/12/16 01:27:18 packer-plugin-qemu_v1.1.4_x5.0_linux_amd64 plugin: 2025/12/16 01:27:18 Sending char ')', code 0x29, shift true
2025/12/16 01:27:19 packer-plugin-qemu_v1.1.4_x5.0_linux_amd64 plugin: 2025/12/16 01:27:19 Sending char '/', code 0x2F, shift false
2025/12/16 01:27:20 packer-plugin-qemu_v1.1.4_x5.0_linux_amd64 plugin: 2025/12/16 01:27:20 Sending char 'c', code 0x63, shift false
2025/12/16 01:27:20 packer-plugin-qemu_v1.1.4_x5.0_linux_amd64 plugin: 2025/12/16 01:27:20 Sending char 'a', code 0x61, shift false
2025/12/16 01:27:20 packer-plugin-qemu_v1.1.4_x5.0_linux_amd64 plugin: 2025/12/16 01:27:20 Sending char 's', code 0x73, shift false
2025/12/16 01:27:21 packer-plugin-qemu_v1.1.4_x5.0_linux_amd64 plugin: 2025/12/16 01:27:21 Sending char 'p', code 0x70, shift false
2025/12/16 01:27:21 packer-plugin-qemu_v1.1.4_x5.0_linux_amd64 plugin: 2025/12/16 01:27:21 Sending char 'e', code 0x65, shift false
2025/12/16 01:27:22 packer-plugin-qemu_v1.1.4_x5.0_linux_amd64 plugin: 2025/12/16 01:27:22 Sending char 'r', code 0x72, shift false
2025/12/16 01:27:22 packer-plugin-qemu_v1.1.4_x5.0_linux_amd64 plugin: 2025/12/16 01:27:22 Sending char '/', code 0x2F, shift false
2025/12/16 01:27:22 packer-plugin-qemu_v1.1.4_x5.0_linux_amd64 plugin: 2025/12/16 01:27:22 Sending char 'v', code 0x76, shift false
2025/12/16 01:27:23 packer-plugin-qemu_v1.1.4_x5.0_linux_amd64 plugin: 2025/12/16 01:27:23 Sending char 'm', code 0x6D, shift false
2025/12/16 01:27:23 packer-plugin-qemu_v1.1.4_x5.0_linux_amd64 plugin: 2025/12/16 01:27:23 Sending char 'l', code 0x6C, shift false
2025/12/16 01:27:24 packer-plugin-qemu_v1.1.4_x5.0_linux_amd64 plugin: 2025/12/16 01:27:24 Sending char 'i', code 0x69, shift false
2025/12/16 01:27:24 packer-plugin-qemu_v1.1.4_x5.0_linux_amd64 plugin: 2025/12/16 01:27:24 Sending char 'n', code 0x6E, shift false
2025/12/16 01:27:24 packer-plugin-qemu_v1.1.4_x5.0_linux_amd64 plugin: 2025/12/16 01:27:24 Sending char 'u', code 0x75, shift false
2025/12/16 01:27:25 packer-plugin-qemu_v1.1.4_x5.0_linux_amd64 plugin: 2025/12/16 01:27:25 Sending char 'z', code 0x7A, shift false
2025/12/16 01:27:25 packer-plugin-qemu_v1.1.4_x5.0_linux_amd64 plugin: 2025/12/16 01:27:25 Sending char ' ', code 0x20, shift false
2025/12/16 01:27:26 packer-plugin-qemu_v1.1.4_x5.0_linux_amd64 plugin: 2025/12/16 01:27:26 Sending char 'a', code 0x61, shift false
2025/12/16 01:27:26 packer-plugin-qemu_v1.1.4_x5.0_linux_amd64 plugin: 2025/12/16 01:27:26 Sending char 'u', code 0x75, shift false
2025/12/16 01:27:26 packer-plugin-qemu_v1.1.4_x5.0_linux_amd64 plugin: 2025/12/16 01:27:26 Sending char 't', code 0x74, shift false
2025/12/16 01:27:27 packer-plugin-qemu_v1.1.4_x5.0_linux_amd64 plugin: 2025/12/16 01:27:27 Sending char 'o', code 0x6F, shift false
2025/12/16 01:27:27 packer-plugin-qemu_v1.1.4_x5.0_linux_amd64 plugin: 2025/12/16 01:27:27 Sending char 'i', code 0x69, shift false
2025/12/16 01:27:28 packer-plugin-qemu_v1.1.4_x5.0_linux_amd64 plugin: 2025/12/16 01:27:28 Sending char 'n', code 0x6E, shift false
2025/12/16 01:27:28 packer-plugin-qemu_v1.1.4_x5.0_linux_amd64 plugin: 2025/12/16 01:27:28 Sending char 's', code 0x73, shift false
2025/12/16 01:27:28 packer-plugin-qemu_v1.1.4_x5.0_linux_amd64 plugin: 2025/12/16 01:27:28 Sending char 't', code 0x74, shift false
2025/12/16 01:27:29 packer-plugin-qemu_v1.1.4_x5.0_linux_amd64 plugin: 2025/12/16 01:27:29 Sending char 'a', code 0x61, shift false
2025/12/16 01:27:29 packer-plugin-qemu_v1.1.4_x5.0_linux_amd64 plugin: 2025/12/16 01:27:29 Sending char 'l', code 0x6C, shift false
2025/12/16 01:27:30 packer-plugin-qemu_v1.1.4_x5.0_linux_amd64 plugin: 2025/12/16 01:27:30 Sending char 'l', code 0x6C, shift false
2025/12/16 01:27:30 packer-plugin-qemu_v1.1.4_x5.0_linux_amd64 plugin: 2025/12/16 01:27:30 Sending char ' ', code 0x20, shift false
2025/12/16 01:27:30 packer-plugin-qemu_v1.1.4_x5.0_linux_amd64 plugin: 2025/12/16 01:27:30 Sending char 'd', code 0x64, shift false
2025/12/16 01:27:31 packer-plugin-qemu_v1.1.4_x5.0_linux_amd64 plugin: 2025/12/16 01:27:31 Sending char 's', code 0x73, shift false
2025/12/16 01:27:31 packer-plugin-qemu_v1.1.4_x5.0_linux_amd64 plugin: 2025/12/16 01:27:31 Sending char '=', code 0x3D, shift false
2025/12/16 01:27:32 packer-plugin-qemu_v1.1.4_x5.0_linux_amd64 plugin: 2025/12/16 01:27:32 Sending char 'n', code 0x6E, shift false
2025/12/16 01:27:32 packer-plugin-qemu_v1.1.4_x5.0_linux_amd64 plugin: 2025/12/16 01:27:32 Sending char 'o', code 0x6F, shift false
2025/12/16 01:27:32 packer-plugin-qemu_v1.1.4_x5.0_linux_amd64 plugin: 2025/12/16 01:27:32 Sending char 'c', code 0x63, shift false
2025/12/16 01:27:33 packer-plugin-qemu_v1.1.4_x5.0_linux_amd64 plugin: 2025/12/16 01:27:33 Sending char 'l', code 0x6C, shift false
2025/12/16 01:27:33 packer-plugin-qemu_v1.1.4_x5.0_linux_amd64 plugin: 2025/12/16 01:27:33 Sending char 'o', code 0x6F, shift false
2025/12/16 01:27:34 packer-plugin-qemu_v1.1.4_x5.0_linux_amd64 plugin: 2025/12/16 01:27:34 Sending char 'u', code 0x75, shift false
2025/12/16 01:27:34 packer-plugin-qemu_v1.1.4_x5.0_linux_amd64 plugin: 2025/12/16 01:27:34 Sending char 'd', code 0x64, shift false
2025/12/16 01:27:34 packer-plugin-qemu_v1.1.4_x5.0_linux_amd64 plugin: 2025/12/16 01:27:34 Sending char '-', code 0x2D, shift false
2025/12/16 01:27:35 packer-plugin-qemu_v1.1.4_x5.0_linux_amd64 plugin: 2025/12/16 01:27:35 Sending char 'n', code 0x6E, shift false
2025/12/16 01:27:35 packer-plugin-qemu_v1.1.4_x5.0_linux_amd64 plugin: 2025/12/16 01:27:35 Sending char 'e', code 0x65, shift false
2025/12/16 01:27:36 packer-plugin-qemu_v1.1.4_x5.0_linux_amd64 plugin: 2025/12/16 01:27:36 Sending char 't', code 0x74, shift false
2025/12/16 01:27:36 packer-plugin-qemu_v1.1.4_x5.0_linux_amd64 plugin: 2025/12/16 01:27:36 Sending char '\', code 0x5C, shift false
2025/12/16 01:27:36 packer-plugin-qemu_v1.1.4_x5.0_linux_amd64 plugin: 2025/12/16 01:27:36 Sending char ';', code 0x3B, shift false
2025/12/16 01:27:37 packer-plugin-qemu_v1.1.4_x5.0_linux_amd64 plugin: 2025/12/16 01:27:37 Sending char 's', code 0x73, shift false
2025/12/16 01:27:37 packer-plugin-qemu_v1.1.4_x5.0_linux_amd64 plugin: 2025/12/16 01:27:37 Sending char '=', code 0x3D, shift false
2025/12/16 01:27:38 packer-plugin-qemu_v1.1.4_x5.0_linux_amd64 plugin: 2025/12/16 01:27:38 Sending char 'h', code 0x68, shift false
2025/12/16 01:27:38 packer-plugin-qemu_v1.1.4_x5.0_linux_amd64 plugin: 2025/12/16 01:27:38 Sending char 't', code 0x74, shift false
2025/12/16 01:27:38 packer-plugin-qemu_v1.1.4_x5.0_linux_amd64 plugin: 2025/12/16 01:27:38 Sending char 't', code 0x74, shift false
2025/12/16 01:27:39 packer-plugin-qemu_v1.1.4_x5.0_linux_amd64 plugin: 2025/12/16 01:27:39 Sending char 'p', code 0x70, shift false
2025/12/16 01:27:39 packer-plugin-qemu_v1.1.4_x5.0_linux_amd64 plugin: 2025/12/16 01:27:39 Sending char ':', code 0x3A, shift true
2025/12/16 01:27:40 packer-plugin-qemu_v1.1.4_x5.0_linux_amd64 plugin: 2025/12/16 01:27:40 Sending char '/', code 0x2F, shift false
2025/12/16 01:27:40 packer-plugin-qemu_v1.1.4_x5.0_linux_amd64 plugin: 2025/12/16 01:27:40 Sending char '/', code 0x2F, shift false
2025/12/16 01:27:41 packer-plugin-qemu_v1.1.4_x5.0_linux_amd64 plugin: 2025/12/16 01:27:41 Sending char '1', code 0x31, shift false
2025/12/16 01:27:41 packer-plugin-qemu_v1.1.4_x5.0_linux_amd64 plugin: 2025/12/16 01:27:41 Sending char '0', code 0x30, shift false
2025/12/16 01:27:42 packer-plugin-qemu_v1.1.4_x5.0_linux_amd64 plugin: 2025/12/16 01:27:42 Sending char '.', code 0x2E, shift false
2025/12/16 01:27:42 packer-plugin-qemu_v1.1.4_x5.0_linux_amd64 plugin: 2025/12/16 01:27:42 Sending char '0', code 0x30, shift false
2025/12/16 01:27:42 packer-plugin-qemu_v1.1.4_x5.0_linux_amd64 plugin: 2025/12/16 01:27:42 Sending char '.', code 0x2E, shift false
2025/12/16 01:27:43 packer-plugin-qemu_v1.1.4_x5.0_linux_amd64 plugin: 2025/12/16 01:27:43 Sending char '2', code 0x32, shift false
2025/12/16 01:27:43 packer-plugin-qemu_v1.1.4_x5.0_linux_amd64 plugin: 2025/12/16 01:27:43 Sending char '.', code 0x2E, shift false
2025/12/16 01:27:44 packer-plugin-qemu_v1.1.4_x5.0_linux_amd64 plugin: 2025/12/16 01:27:44 Sending char '2', code 0x32, shift false
2025/12/16 01:27:44 packer-plugin-qemu_v1.1.4_x5.0_linux_amd64 plugin: 2025/12/16 01:27:44 Sending char ':', code 0x3A, shift true
2025/12/16 01:27:45 packer-plugin-qemu_v1.1.4_x5.0_linux_amd64 plugin: 2025/12/16 01:27:45 Sending char '8', code 0x38, shift false
2025/12/16 01:27:45 packer-plugin-qemu_v1.1.4_x5.0_linux_amd64 plugin: 2025/12/16 01:27:45 Sending char '3', code 0x33, shift false
2025/12/16 01:27:46 packer-plugin-qemu_v1.1.4_x5.0_linux_amd64 plugin: 2025/12/16 01:27:46 Sending char '4', code 0x34, shift false
2025/12/16 01:27:46 packer-plugin-qemu_v1.1.4_x5.0_linux_amd64 plugin: 2025/12/16 01:27:46 Sending char '6', code 0x36, shift false
2025/12/16 01:27:46 packer-plugin-qemu_v1.1.4_x5.0_linux_amd64 plugin: 2025/12/16 01:27:46 Sending char '/', code 0x2F, shift false
2025/12/16 01:27:47 packer-plugin-qemu_v1.1.4_x5.0_linux_amd64 plugin: 2025/12/16 01:27:47 Sending char ' ', code 0x20, shift false
2025/12/16 01:27:47 packer-plugin-qemu_v1.1.4_x5.0_linux_amd64 plugin: 2025/12/16 01:27:47 Sending char 'i', code 0x69, shift false
2025/12/16 01:27:48 packer-plugin-qemu_v1.1.4_x5.0_linux_amd64 plugin: 2025/12/16 01:27:48 Sending char 'p', code 0x70, shift false
2025/12/16 01:27:48 packer-plugin-qemu_v1.1.4_x5.0_linux_amd64 plugin: 2025/12/16 01:27:48 Sending char '=', code 0x3D, shift false
2025/12/16 01:27:48 packer-plugin-qemu_v1.1.4_x5.0_linux_amd64 plugin: 2025/12/16 01:27:48 Sending char 'd', code 0x64, shift false
2025/12/16 01:27:49 packer-plugin-qemu_v1.1.4_x5.0_linux_amd64 plugin: 2025/12/16 01:27:49 Sending char 'h', code 0x68, shift false
2025/12/16 01:27:49 packer-plugin-qemu_v1.1.4_x5.0_linux_amd64 plugin: 2025/12/16 01:27:49 Sending char 'c', code 0x63, shift false
2025/12/16 01:27:50 packer-plugin-qemu_v1.1.4_x5.0_linux_amd64 plugin: 2025/12/16 01:27:50 Sending char 'p', code 0x70, shift false
2025/12/16 01:27:50 packer-plugin-qemu_v1.1.4_x5.0_linux_amd64 plugin: 2025/12/16 01:27:50 Sending char ' ', code 0x20, shift false
2025/12/16 01:27:50 packer-plugin-qemu_v1.1.4_x5.0_linux_amd64 plugin: 2025/12/16 01:27:50 Sending char '-', code 0x2D, shift false
2025/12/16 01:27:51 packer-plugin-qemu_v1.1.4_x5.0_linux_amd64 plugin: 2025/12/16 01:27:51 Sending char '-', code 0x2D, shift false
2025/12/16 01:27:51 packer-plugin-qemu_v1.1.4_x5.0_linux_amd64 plugin: 2025/12/16 01:27:51 Sending char '-', code 0x2D, shift false
2025/12/16 01:27:52 packer-plugin-qemu_v1.1.4_x5.0_linux_amd64 plugin: 2025/12/16 01:27:52 Special code '<enter>' found, replacing with: 0xFF0D
2025/12/16 01:27:52 packer-plugin-qemu_v1.1.4_x5.0_linux_amd64 plugin: 2025/12/16 01:27:52 [INFO] Waiting 5s
2025/12/16 01:27:57 packer-plugin-qemu_v1.1.4_x5.0_linux_amd64 plugin: 2025/12/16 01:27:57 Sending char 'i', code 0x69, shift false
2025/12/16 01:27:57 packer-plugin-qemu_v1.1.4_x5.0_linux_amd64 plugin: 2025/12/16 01:27:57 Sending char 'n', code 0x6E, shift false
2025/12/16 01:27:58 packer-plugin-qemu_v1.1.4_x5.0_linux_amd64 plugin: 2025/12/16 01:27:58 Sending char 'i', code 0x69, shift false
2025/12/16 01:27:58 packer-plugin-qemu_v1.1.4_x5.0_linux_amd64 plugin: 2025/12/16 01:27:58 Sending char 't', code 0x74, shift false
2025/12/16 01:27:59 packer-plugin-qemu_v1.1.4_x5.0_linux_amd64 plugin: 2025/12/16 01:27:59 Sending char 'r', code 0x72, shift false
2025/12/16 01:27:59 packer-plugin-qemu_v1.1.4_x5.0_linux_amd64 plugin: 2025/12/16 01:27:59 Sending char 'd', code 0x64, shift false
2025/12/16 01:27:59 packer-plugin-qemu_v1.1.4_x5.0_linux_amd64 plugin: 2025/12/16 01:27:59 Sending char ' ', code 0x20, shift false
2025/12/16 01:28:00 packer-plugin-qemu_v1.1.4_x5.0_linux_amd64 plugin: 2025/12/16 01:28:00 Sending char '(', code 0x28, shift true
2025/12/16 01:28:01 packer-plugin-qemu_v1.1.4_x5.0_linux_amd64 plugin: 2025/12/16 01:28:01 Sending char 'c', code 0x63, shift false
2025/12/16 01:28:01 packer-plugin-qemu_v1.1.4_x5.0_linux_amd64 plugin: 2025/12/16 01:28:01 Sending char 'd', code 0x64, shift false
2025/12/16 01:28:01 packer-plugin-qemu_v1.1.4_x5.0_linux_amd64 plugin: 2025/12/16 01:28:01 Sending char '0', code 0x30, shift false
2025/12/16 01:28:02 packer-plugin-qemu_v1.1.4_x5.0_linux_amd64 plugin: 2025/12/16 01:28:02 Sending char ')', code 0x29, shift true
2025/12/16 01:28:03 packer-plugin-qemu_v1.1.4_x5.0_linux_amd64 plugin: 2025/12/16 01:28:03 Sending char '/', code 0x2F, shift false
2025/12/16 01:28:03 packer-plugin-qemu_v1.1.4_x5.0_linux_amd64 plugin: 2025/12/16 01:28:03 Sending char 'c', code 0x63, shift false
2025/12/16 01:28:03 packer-plugin-qemu_v1.1.4_x5.0_linux_amd64 plugin: 2025/12/16 01:28:03 Sending char 'a', code 0x61, shift false
2025/12/16 01:28:04 packer-plugin-qemu_v1.1.4_x5.0_linux_amd64 plugin: 2025/12/16 01:28:04 Sending char 's', code 0x73, shift false
2025/12/16 01:28:04 packer-plugin-qemu_v1.1.4_x5.0_linux_amd64 plugin: 2025/12/16 01:28:04 Sending char 'p', code 0x70, shift false
2025/12/16 01:28:05 packer-plugin-qemu_v1.1.4_x5.0_linux_amd64 plugin: 2025/12/16 01:28:05 Sending char 'e', code 0x65, shift false
2025/12/16 01:28:05 packer-plugin-qemu_v1.1.4_x5.0_linux_amd64 plugin: 2025/12/16 01:28:05 Sending char 'r', code 0x72, shift false
2025/12/16 01:28:05 packer-plugin-qemu_v1.1.4_x5.0_linux_amd64 plugin: 2025/12/16 01:28:05 Sending char '/', code 0x2F, shift false
2025/12/16 01:28:06 packer-plugin-qemu_v1.1.4_x5.0_linux_amd64 plugin: 2025/12/16 01:28:06 Sending char 'i', code 0x69, shift false
2025/12/16 01:28:06 packer-plugin-qemu_v1.1.4_x5.0_linux_amd64 plugin: 2025/12/16 01:28:06 Sending char 'n', code 0x6E, shift false
2025/12/16 01:28:07 packer-plugin-qemu_v1.1.4_x5.0_linux_amd64 plugin: 2025/12/16 01:28:07 Sending char 'i', code 0x69, shift false
2025/12/16 01:28:07 packer-plugin-qemu_v1.1.4_x5.0_linux_amd64 plugin: 2025/12/16 01:28:07 Sending char 't', code 0x74, shift false
2025/12/16 01:28:07 packer-plugin-qemu_v1.1.4_x5.0_linux_amd64 plugin: 2025/12/16 01:28:07 Sending char 'r', code 0x72, shift false
2025/12/16 01:28:08 packer-plugin-qemu_v1.1.4_x5.0_linux_amd64 plugin: 2025/12/16 01:28:08 Sending char 'd', code 0x64, shift false
2025/12/16 01:28:08 packer-plugin-qemu_v1.1.4_x5.0_linux_amd64 plugin: 2025/12/16 01:28:08 Special code '<enter>' found, replacing with: 0xFF0D
2025/12/16 01:28:09 packer-plugin-qemu_v1.1.4_x5.0_linux_amd64 plugin: 2025/12/16 01:28:09 [INFO] Waiting 5s
2025/12/16 01:28:14 packer-plugin-qemu_v1.1.4_x5.0_linux_amd64 plugin: 2025/12/16 01:28:14 Sending char 'b', code 0x62, shift false
2025/12/16 01:28:14 packer-plugin-qemu_v1.1.4_x5.0_linux_amd64 plugin: 2025/12/16 01:28:14 Sending char 'o', code 0x6F, shift false
2025/12/16 01:28:14 packer-plugin-qemu_v1.1.4_x5.0_linux_amd64 plugin: 2025/12/16 01:28:14 Sending char 'o', code 0x6F, shift false
2025/12/16 01:28:15 packer-plugin-qemu_v1.1.4_x5.0_linux_amd64 plugin: 2025/12/16 01:28:15 Sending char 't', code 0x74, shift false
2025/12/16 01:28:15 packer-plugin-qemu_v1.1.4_x5.0_linux_amd64 plugin: 2025/12/16 01:28:15 Special code '<enter>' found, replacing with: 0xFF0D
2025/12/16 01:28:16 ui: [1;32m==> qemu.ubuntu2404: Not using a NetBridge -- skipping StepWaitGuestAddress[0m
2025/12/16 01:28:16 ui: [1;32m==> qemu.ubuntu2404: Using SSH communicator to connect: 127.0.0.1[0m
2025/12/16 01:28:16 packer-plugin-qemu_v1.1.4_x5.0_linux_amd64 plugin: 2025/12/16 01:28:16 [INFO] Waiting for SSH, up to timeout: 2h0m0s
2025/12/16 01:28:16 ui: [1;32m==> qemu.ubuntu2404: Waiting for SSH to become available...[0m
2025/12/16 01:28:16 packer-plugin-qemu_v1.1.4_x5.0_linux_amd64 plugin: 2025/12/16 01:28:16 [INFO] Attempting SSH connection to 127.0.0.1:2222...
2025/12/16 01:28:16 packer-plugin-qemu_v1.1.4_x5.0_linux_amd64 plugin: 2025/12/16 01:28:16 [DEBUG] reconnecting to TCP connection for SSH
2025/12/16 01:28:16 packer-plugin-qemu_v1.1.4_x5.0_linux_amd64 plugin: 2025/12/16 01:28:16 [DEBUG] handshaking with SSH
2025/12/16 01:29:16 packer-plugin-qemu_v1.1.4_x5.0_linux_amd64 plugin: 2025/12/16 01:29:16 [DEBUG] SSH handshake err: Timeout during SSH handshake
2025/12/16 01:29:23 packer-plugin-qemu_v1.1.4_x5.0_linux_amd64 plugin: 2025/12/16 01:29:23 [INFO] Attempting SSH connection to 127.0.0.1:2222...
2025/12/16 01:29:23 packer-plugin-qemu_v1.1.4_x5.0_linux_amd64 plugin: 2025/12/16 01:29:23 [DEBUG] reconnecting to TCP connection for SSH
2025/12/16 01:29:23 packer-plugin-qemu_v1.1.4_x5.0_linux_amd64 plugin: 2025/12/16 01:29:23 [DEBUG] handshaking with SSH
